********************************************************************************
Field Output Report, written Sun Dec 11 22:56:07 2016

Source 1
---------

   ODB: C:/SIMULIA/PlateBendingProblem.odb
   Step: stepForBendingProblem
   Frame: Increment      1: Step Time =    1.000

Loc 1 : Nodal values from source 1

Output sorted by column "Node Label".

Field Output reported at nodes for part: PLATEBENDINGTESTCASE-1

      Node Label     U.Magnitude            U.U1            U.U2            U.U3    UR.Magnitude          UR.UR1          UR.UR2          UR.UR3
                          @Loc 1          @Loc 1          @Loc 1          @Loc 1          @Loc 1          @Loc 1          @Loc 1          @Loc 1
-------------------------------------------------------------------------------------------------------------------------------------------------
               1              0.              0.              0.    -2.07024E-36              0.     11.5143E-36     11.5143E-36              0.
               2              0.              0.              0.    -118.860E-36              0.     41.1591E-36     218.679E-36              0.
               3              0.              0.              0.    -188.294E-36              0.             -0.     332.406E-36              0.
               4              0.              0.              0.    -118.860E-36              0.    -41.1591E-36     218.679E-36              0.
               5              0.              0.              0.    -2.07024E-36              0.    -11.5143E-36     11.5143E-36              0.
               6              0.              0.              0.    -118.860E-36              0.     218.679E-36     41.1591E-36              0.
               7     45.8267E-06              0.              0.    -45.8267E-06     11.7785E-06     8.32867E-06     8.32867E-06              0.
               8     71.7898E-06              0.              0.    -71.7898E-06     13.3685E-06    -15.6561E-21     13.3685E-06              0.
               9     45.8267E-06              0.              0.    -45.8267E-06     11.7785E-06    -8.32867E-06     8.32867E-06              0.
              10              0.              0.              0.    -118.860E-36              0.    -218.679E-36     41.1591E-36              0.
              11              0.              0.              0.    -188.294E-36              0.     332.406E-36              0.              0.
              12     71.7898E-06              0.              0.    -71.7898E-06     13.3685E-06     13.3685E-06     21.9251E-21              0.
              13     113.051E-06              0.              0.    -113.051E-06              0.    -58.8688E-21     16.3304E-21              0.
              14     71.7898E-06              0.              0.    -71.7898E-06     13.3685E-06    -13.3685E-06    -9.27601E-21              0.
              15              0.              0.              0.    -188.294E-36              0.    -332.406E-36              0.              0.
              16              0.              0.              0.    -118.860E-36              0.     218.679E-36    -41.1591E-36              0.
              17     45.8267E-06              0.              0.    -45.8267E-06     11.7785E-06     8.32867E-06    -8.32867E-06              0.
              18     71.7898E-06              0.              0.    -71.7898E-06     13.3685E-06    -52.2414E-21    -13.3685E-06              0.
              19     45.8267E-06              0.              0.    -45.8267E-06     11.7785E-06    -8.32867E-06    -8.32867E-06              0.
              20              0.              0.              0.    -118.860E-36              0.    -218.679E-36    -41.1591E-36              0.
              21              0.              0.              0.    -2.07024E-36              0.     11.5143E-36    -11.5143E-36              0.
              22              0.              0.              0.    -118.860E-36              0.     41.1591E-36    -218.679E-36              0.
              23              0.              0.              0.    -188.294E-36              0.              0.    -332.406E-36              0.
              24              0.              0.              0.    -118.860E-36              0.    -41.1591E-36    -218.679E-36              0.
              25              0.              0.              0.    -2.07024E-36              0.    -11.5143E-36    -11.5143E-36              0.
              26              0.              0.              0.    -10.6199E-36              0.     38.0240E-36     194.308E-36              0.
              27     18.8523E-06              0.              0.    -18.8523E-06     9.57403E-06     4.15832E-06     8.62383E-06              0.
              28     18.8523E-06              0.              0.    -18.8523E-06     9.57403E-06     8.62383E-06     4.15832E-06              0.
              29              0.              0.              0.    -10.6199E-36              0.     194.308E-36     38.0240E-36              0.
              30              0.              0.              0.    -150.338E-36              0.     16.5504E-36     602.285E-36              0.
              31     28.6417E-06              0.              0.    -28.6417E-06     14.0151E-06     3.12791E-21     14.0151E-06              0.
              32     64.7317E-06              0.              0.    -64.7317E-06     13.4695E-06     4.81212E-06     12.5805E-06              0.
              33              0.              0.              0.    -150.338E-36              0.    -16.5504E-36     602.285E-36              0.
              34     18.8523E-06              0.              0.    -18.8523E-06     9.57403E-06    -4.15832E-06     8.62383E-06              0.
              35     64.7317E-06              0.              0.    -64.7317E-06     13.4695E-06    -4.81212E-06     12.5805E-06              0.
              36              0.              0.              0.    -10.6199E-36              0.    -38.0240E-36     194.308E-36              0.
              37              0.              0.              0.    -10.6199E-36              0.    -194.308E-36     38.0240E-36              0.
              38     18.8523E-06              0.              0.    -18.8523E-06     9.57403E-06    -8.62383E-06     4.15832E-06              0.
              39     64.7317E-06              0.              0.    -64.7317E-06     13.4695E-06     12.5805E-06     4.81212E-06              0.
              40     28.6417E-06              0.              0.    -28.6417E-06     14.0151E-06     14.0151E-06     17.8297E-21              0.
              41              0.              0.              0.    -150.338E-36              0.     602.285E-36     16.5504E-36              0.
              42     102.789E-06              0.              0.    -102.789E-06     8.00509E-06     3.74091E-21     8.00509E-06              0.
              43     102.789E-06              0.              0.    -102.789E-06     8.00509E-06     8.00509E-06     27.9338E-21              0.
              44     64.7317E-06              0.              0.    -64.7317E-06     13.4695E-06    -12.5805E-06     4.81212E-06              0.
              45     102.789E-06              0.              0.    -102.789E-06     8.00509E-06    -8.00509E-06     4.75179E-21              0.
              46              0.              0.              0.    -150.338E-36              0.    -602.285E-36     16.5504E-36              0.
              47     28.6417E-06              0.              0.    -28.6417E-06     14.0151E-06    -14.0151E-06     1.74761E-21              0.
              48     64.7317E-06              0.              0.    -64.7317E-06     13.4695E-06     12.5805E-06    -4.81212E-06              0.
              49     18.8523E-06              0.              0.    -18.8523E-06     9.57403E-06     8.62383E-06    -4.15832E-06              0.
              50              0.              0.              0.    -150.338E-36              0.     602.285E-36    -16.5504E-36              0.
              51     102.789E-06              0.              0.    -102.789E-06     8.00509E-06    -6.60691E-21    -8.00509E-06              0.
              52     64.7317E-06              0.              0.    -64.7317E-06     13.4695E-06     4.81212E-06    -12.5805E-06              0.
              53     64.7317E-06              0.              0.    -64.7317E-06     13.4695E-06    -12.5805E-06    -4.81212E-06              0.
              54     64.7317E-06              0.              0.    -64.7317E-06     13.4695E-06    -4.81212E-06    -12.5805E-06              0.
              55              0.              0.              0.    -150.338E-36              0.    -602.285E-36    -16.5504E-36              0.
              56     18.8523E-06              0.              0.    -18.8523E-06     9.57403E-06    -8.62383E-06    -4.15832E-06              0.
              57     18.8523E-06              0.              0.    -18.8523E-06     9.57403E-06     4.15832E-06    -8.62383E-06              0.
              58              0.              0.              0.    -10.6199E-36              0.     38.0240E-36    -194.308E-36              0.
              59              0.              0.              0.    -10.6199E-36              0.     194.308E-36    -38.0240E-36              0.
              60     28.6417E-06              0.              0.    -28.6417E-06     14.0151E-06    -13.0321E-21    -14.0151E-06              0.
              61              0.              0.              0.    -150.338E-36              0.     16.5504E-36    -602.285E-36              0.
              62     18.8523E-06              0.              0.    -18.8523E-06     9.57403E-06    -4.15832E-06    -8.62383E-06              0.
              63              0.              0.              0.    -150.338E-36              0.    -16.5504E-36    -602.285E-36              0.
              64              0.              0.              0.    -10.6199E-36              0.    -194.308E-36    -38.0240E-36              0.
              65              0.              0.              0.    -10.6199E-36              0.    -38.0240E-36    -194.308E-36              0.


  Minimum                     0.              0.              0.    -113.051E-06              0.    -14.0151E-06    -14.0151E-06              0.
         At Node              65              65              65              13              65              47              60              65

  Maximum            113.051E-06              0.              0.    -2.07024E-36     14.0151E-06     14.0151E-06     14.0151E-06              0.
         At Node              13              65              65              25              60              40              31              65

           Total     1.77791E-03              0.              0.    -1.77791E-03     373.017E-06    -141.455E-21     67.7626E-21              0.


