********************************************************************************
Field Output Report, written Sat Dec 10 00:41:13 2016

Source 1
---------

   ODB: c:/SIMULIA/TorsionTestCase.odb
   Step: TorsionProblemStep
   Frame: Increment      1: Step Time =    1.000

Loc 1 : Nodal values from source 1

Output sorted by column "Node Label".

Field Output reported at nodes for part: TESTCASETORSION-1

      Node Label     U.Magnitude
                          @Loc 1
---------------------------------
               1              0.
               2              0.
               3              0.
               4              0.
               5              0.
               6     141.821E-06
               7     70.0300E-06
               8     6.20010E-18
               9     70.0300E-06
              10     141.821E-06
              11     426.243E-06
              12     211.804E-06
              13     24.7381E-18
              14     211.804E-06
              15     426.243E-06
              16     764.094E-06
              17     378.917E-06
              18     54.6259E-18
              19     378.917E-06
              20     764.094E-06
              21     1.14742E-03
              22     557.462E-06
              23     91.0244E-18
              24     557.462E-06
              25     1.14742E-03
              26              0.
              27     21.2138E-06
              28     107.925E-06
              29     43.5805E-06
              30              0.
              31     1.58581E-18
              32     34.4925E-06
              33              0.
              34     21.2138E-06
              35     34.4925E-06
              36              0.
              37     43.5805E-06
              38     107.925E-06
              39     135.644E-06
              40     319.173E-06
              41     273.765E-06
              42     13.9624E-18
              43     105.187E-06
              44     135.644E-06
              45     105.187E-06
              46     273.765E-06
              47     319.173E-06
              48     293.544E-06
              49     572.590E-06
              50     590.025E-06
              51     38.4641E-18
              52     189.188E-06
              53     293.544E-06
              54     189.188E-06
              55     590.025E-06
              56     572.590E-06
              57     469.029E-06
              58     845.809E-06
              59     948.707E-06
              60     72.5777E-18
              61     276.988E-06
              62     469.029E-06
              63     276.988E-06
              64     948.707E-06
              65     845.809E-06


  Minimum                     0.
         At Node              36

  Maximum            1.14742E-03
         At Node              25

           Total     17.8493E-03


